// Jest Snapshot v1, https://goo.gl/fbAQLP

exports[`pruebas en GifGridItem debe de mostrar el componente correctamente  1`] = `
<div
  className="card animate__fadeOut"
>
  <img />
  <p />
</div>
`;
